// Jest Snapshot v1, https://goo.gl/fbAQLP

exports[`Modal has not changed the JSX layout of the page from previous snapshot - closed 1`] = `null`;

exports[`Modal has not changed the JSX layout of the page from previous snapshot 1`] = `
<div
  aria-labelledby="modal-description"
  aria-modal="true"
  className="card modal isOpen"
  onKeyDown={[Function]}
  onMouseDown={[Function]}
  role="dialog"
  tabIndex={0}
>
  <div
    className="header"
  >
    <h2>
      A modal box
    </h2>
  </div>
  <p>
    content
  </p>
  <button
    className="button closeButton"
    disabled={false}
    onClick={[Function]}
    onKeyDown={[Function]}
    type="button"
  >
    <span
      aria-hidden="true"
      className="fas fa-times iconSizeL iconColorGrey buttonIcon"
    />
    <span
      className="visually-hidden"
    >
      close modal
    </span>
  </button>
  <div
    className="visually-hidden"
    id="modal-description"
  >
    This dialog window is overlaying the page content. The last element is the close button which will take you back where you were before.
  </div>
</div>
`;
