// Jest Snapshot v1, https://goo.gl/fbAQLP

exports[`Icon has not changed the JSX layout of the page from previous snapshot 1`] = `
<span
  aria-hidden="true"
  className="fas fa-CALENDAR iconSizeL iconColorBlue"
/>
`;
