// Jest Snapshot v1, https://goo.gl/fbAQLP

exports[`TextInput should render correctly 1`] = `
<input
  className="textInput"
  type="text"
/>
`;
