// Jest Snapshot v1, https://goo.gl/fbAQLP

exports[`Spacing has not changed the JSX layout of the page from previous snapshot 1`] = `
<div
  className="spacingSingle spacing"
/>
`;
