// Jest Snapshot v1, https://goo.gl/fbAQLP

exports[`Heading has not changed the JSX layout of the page from previous snapshot 1`] = `
<h1
  className="title title1 weightNormal"
>
  Some header
</h1>
`;
