// Jest Snapshot v1, https://goo.gl/fbAQLP

exports[`Text has not changed the JSX layout of the page from previous snapshot 1`] = `
<span
  className="sizeS weightNormal textGray"
/>
`;
