// Jest Snapshot v1, https://goo.gl/fbAQLP

exports[`Autosuggest has not changed the JSX layout of the page from previous snapshot 1`] = `
<div
  aria-expanded={false}
  aria-haspopup="listbox"
  aria-owns="react-autowhatever-1"
  role="combobox"
  style={Object {}}
>
  <label
    htmlFor="destination-auto-suggest-input"
  >
    the label
  </label>
  <input
    aria-activedescendant={null}
    aria-autocomplete="list"
    aria-controls="react-autowhatever-1"
    autoComplete="off"
    id="destination-auto-suggest-input"
    onBlur={[Function]}
    onChange={[Function]}
    onFocus={[Function]}
    onKeyDown={[Function]}
    style={Object {}}
    type="text"
    value="on"
  />
  <div
    aria-hidden={false}
    id="react-autowhatever-1"
    style={Object {}}
  />
</div>
`;
