// Jest Snapshot v1, https://goo.gl/fbAQLP

exports[`TabButton has not changed the JSX layout of the page from previous snapshot 1`] = `
<button
  buttonText="some button"
  className="tabButton"
  type="button"
>
  <span
    className="sizeS weightNormal textGray"
  />
</button>
`;
