// Jest Snapshot v1, https://goo.gl/fbAQLP

exports[`Head has not changed the JSX layout of the page from previous snapshot 1`] = `null`;
