// Jest Snapshot v1, https://goo.gl/fbAQLP

exports[`ListItem has not changed the JSX layout of the page from previous snapshot 1`] = `
<li
  className=""
/>
`;
