// Jest Snapshot v1, https://goo.gl/fbAQLP

exports[`GridRow has not changed the JSX layout of the page from previous snapshot 1`] = `
<div
  className="gridRow"
>
  some row
</div>
`;
