// Jest Snapshot v1, https://goo.gl/fbAQLP

exports[`Link has not changed the JSX layout of the page from previous snapshot 1`] = `
<a
  className="link sizeS weightNormal"
  href=""
>
  some link
</a>
`;
